// Jest Snapshot v1, https://goo.gl/fbAQLP

exports[`UserLinks renders 1`] = `
"<nav class=\\"vector-user-links\\" aria-label=\\"\\">
	<div class=\\"vector-user-links-main\\">
<div id=\\"p-personal-preferences\\" class=\\"vector-menu\\">
<div class=\\"vector-menu-content\\">
	
	<ul class=\\"vector-menu-content-list\\">
		<li id=\\"ca-uls\\" class=\\"user-links-collapsible-item mw-list-item active\\"><a href=\\"#\\" class=\\"uls-trigger cdx-button cdx-button--weight-quiet\\"><span class=\\"vector-icon mw-ui-icon-wikimedia-language\\"></span> <span>English</span></a></li>
	</ul>
	
</div>
</div>
<div id=\\"p-personal-user-page\\" class=\\"vector-menu\\">
<div class=\\"vector-menu-content\\">
	
	<ul class=\\"vector-menu-content-list\\">
		<li id=\\"pt-userpage-2\\" class=\\"user-links-collapsible-item mw-list-item\\"><a href=\\"/wiki/User:Admin\\" class=\\"cdx-button cdx-button--weight-quiet\\" title=\\"Your user page [⌃⌥.]\\" accesskey=\\".\\"><span>Admin</span></a></li>
	</ul>
	
</div>
</div>
	<div class=\\"vector-appearance-landmark\\">
		<button class=\\"theme-toggle vector-dropdown-label cdx-button cdx-button--fake-button cdx-button--fake-button--enabled cdx-button--weight-quiet cdx-button--icon-only\\" aria-label=\\"\\" title=\\"\\">
				<svg class=\\"theme-icon-when-os-light\\" aria-hidden=\\"true\\" xmlns=\\"http://www.w3.org/2000/svg\\" viewBox=\\"0 0 24 24\\" fill=\\"none\\" stroke=\\"currentColor\\" stroke-width=\\"1\\" stroke-linecap=\\"round\\" stroke-linejoin=\\"round\\">
					<path d=\\"M 5.411 14.504 C 5.471 14.504 5.532 14.504 5.591 14.504 C 3.639 16.319 4.383 19.569 6.931 20.352 C 7.693 20.586 8.512 20.551 9.25 20.252 C 8.023 23.207 4.056 23.725 2.11 21.184 C 0.166 18.642 1.702 14.949 4.874 14.536 C 5.051 14.512 5.231 14.5 5.411 14.5 L 5.411 14.504 Z\\"></path>
					<line x1=\\"14.5\\" y1=\\"3.25\\" x2=\\"14.5\\" y2=\\"1.25\\"></line>
					<line x1=\\"14.5\\" y1=\\"15.85\\" x2=\\"14.5\\" y2=\\"17.85\\"></line>
					<line x1=\\"10.044\\" y1=\\"5.094\\" x2=\\"8.63\\" y2=\\"3.68\\"></line>
					<line x1=\\"19\\" y1=\\"14.05\\" x2=\\"20.414\\" y2=\\"15.464\\"></line>
					<line x1=\\"8.2\\" y1=\\"9.55\\" x2=\\"6.2\\" y2=\\"9.55\\"></line>
					<line x1=\\"20.8\\" y1=\\"9.55\\" x2=\\"22.8\\" y2=\\"9.55\\"></line>
					<line x1=\\"10.044\\" y1=\\"14.006\\" x2=\\"8.63\\" y2=\\"15.42\\"></line>
					<line x1=\\"19\\" y1=\\"5.05\\" x2=\\"20.414\\" y2=\\"3.636\\"></line>
					<circle cx=\\"14.5\\" cy=\\"9.55\\" r=\\"3.6\\"></circle>
				</svg>
				<svg class=\\"theme-icon-when-os-dark\\" aria-hidden=\\"true\\" xmlns=\\"http://www.w3.org/2000/svg\\" viewBox=\\"0 0 24 24\\" fill=\\"none\\" stroke=\\"currentColor\\" stroke-width=\\"1\\" stroke-linecap=\\"round\\" stroke-linejoin=\\"round\\">
					<path d=\\"M 8.282 7.007 C 8.385 7.007 8.494 7.007 8.595 7.007 C 5.18 10.184 6.481 15.869 10.942 17.24 C 12.275 17.648 13.706 17.589 15 17.066 C 12.851 22.236 5.91 23.143 2.505 18.696 C -0.897 14.249 1.791 7.786 7.342 7.063 C 7.652 7.021 7.965 7 8.282 7 L 8.282 7.007 Z\\"></path>
					<line style=\\"opacity: 50%\\" x1=\\"18\\" y1=\\"3.705\\" x2=\\"18\\" y2=\\"2.5\\"></line>
					<line style=\\"opacity: 50%\\" x1=\\"18\\" y1=\\"11.295\\" x2=\\"18\\" y2=\\"12.5\\"></line>
					<line style=\\"opacity: 50%\\" x1=\\"15.316\\" y1=\\"4.816\\" x2=\\"14.464\\" y2=\\"3.964\\"></line>
					<line style=\\"opacity: 50%\\" x1=\\"20.711\\" y1=\\"10.212\\" x2=\\"21.563\\" y2=\\"11.063\\"></line>
					<line style=\\"opacity: 50%\\" x1=\\"14.205\\" y1=\\"7.5\\" x2=\\"13.001\\" y2=\\"7.5\\"></line>
					<line style=\\"opacity: 50%\\" x1=\\"21.795\\" y1=\\"7.5\\" x2=\\"23\\" y2=\\"7.5\\"></line>
					<line style=\\"opacity: 50%\\" x1=\\"15.316\\" y1=\\"10.184\\" x2=\\"14.464\\" y2=\\"11.036\\"></line>
					<line style=\\"opacity: 50%\\" x1=\\"20.711\\" y1=\\"4.789\\" x2=\\"21.563\\" y2=\\"3.937\\"></line>
					<circle style=\\"opacity: 50%\\" cx=\\"18\\" cy=\\"7.5\\" r=\\"2.169\\"></circle>
				</svg>
				<svg class=\\"theme-icon-when-night\\" aria-hidden=\\"true\\" xmlns=\\"http://www.w3.org/2000/svg\\" viewBox=\\"0 0 24 24\\" fill=\\"none\\" stroke=\\"currentColor\\" stroke-width=\\"1\\" stroke-linecap=\\"round\\" stroke-linejoin=\\"round\\">
					<path stroke=\\"none\\" d=\\"M0 0h24v24H0z\\" fill=\\"none\\"></path>
					<path d=\\"M12 3c.132 0 .263 0 .393 0a7.5 7.5 0 0 0 7.92 12.446a9 9 0 1 1 -8.313 -12.454z\\"></path>
				</svg>
				<svg class=\\"theme-icon-when-day\\" aria-hidden=\\"true\\" xmlns=\\"http://www.w3.org/2000/svg\\" viewBox=\\"0 0 24 24\\" fill=\\"none\\" stroke=\\"currentColor\\" stroke-width=\\"1\\" stroke-linecap=\\"round\\" stroke-linejoin=\\"round\\">
					<circle cx=\\"12\\" cy=\\"12\\" r=\\"5\\"></circle>
					<line x1=\\"12\\" y1=\\"1\\" x2=\\"12\\" y2=\\"3\\"></line>
					<line x1=\\"12\\" y1=\\"21\\" x2=\\"12\\" y2=\\"23\\"></line>
					<line x1=\\"4.22\\" y1=\\"4.22\\" x2=\\"5.64\\" y2=\\"5.64\\"></line>
					<line x1=\\"18.36\\" y1=\\"18.36\\" x2=\\"19.78\\" y2=\\"19.78\\"></line>
					<line x1=\\"1\\" y1=\\"12\\" x2=\\"3\\" y2=\\"12\\"></line>
					<line x1=\\"21\\" y1=\\"12\\" x2=\\"23\\" y2=\\"12\\"></line>
					<line x1=\\"4.22\\" y1=\\"19.78\\" x2=\\"5.64\\" y2=\\"18.36\\"></line>
					<line x1=\\"18.36\\" y1=\\"5.64\\" x2=\\"19.78\\" y2=\\"4.22\\"></line>
				</svg>
		</button>
	</div>
<div id=\\"p-personal-notifications\\" class=\\"vector-menu\\">
<div class=\\"vector-menu-content\\">
	
	<ul class=\\"vector-menu-content-list\\">
		<li id=\\"pt-notifications-alert\\" class=\\"mw-list-item\\"><a href=\\"/wiki/Special:Notifications\\" class=\\"mw-echo-notifications-badge mw-echo-notification-badge-nojs oo-ui-icon-bell mw-echo-notifications-badge-all-read\\" data-counter-num=\\"0\\" data-counter-text=\\"0\\" title=\\"Your alerts\\"><span>Alerts (0)</span></a></li>
		<li id=\\"pt-notifications-notice\\" class=\\"mw-list-item\\"><a href=\\"/wiki/Special:Notifications\\" class=\\"mw-echo-notifications-badge mw-echo-notification-badge-nojs oo-ui-icon-tray mw-echo-notifications-badge-all-read\\" data-counter-num=\\"0\\" data-counter-text=\\"0\\" title=\\"Your notices\\"><span>Notices (0)</span></a></li>
	</ul>
	
</div>
</div>
<div id=\\"p-personal-more\\" class=\\"vector-menu mw-portlet mw-portlet-vector-user-menu-overflow vector-user-menu-overflow\\">
	<div class=\\"vector-menu-heading\\">
		Toggle sidebar
	</div>
<div class=\\"vector-menu-content\\">
	
	<ul class=\\"vector-menu-content-list\\">
		
			<li id=\\"pt-watchlist-2\\" class=\\"user-links-collapsible-item mw-list-item\\"><a href=\\"/wiki/Special:Watchlist\\" class=\\"cdx-button cdx-button--weight-quiet vector-icon cdx-button--icon-only mw-ui-icon-watchlist mw-ui-icon-wikimedia-watchlist\\" title=\\"A list of pages you are monitoring for changes [⌃⌥l]\\" accesskey=\\"l\\"><span>Watchlist</span></a></li>
		
	</ul>
	
</div>
</div>
	</div>
<div id=\\"vector-user-links-dropdown\\" class=\\"vector-dropdown vector-user-menu vector-user-menu-logged-in\\">
	<input type=\\"checkbox\\" id=\\"vector-user-links-dropdown-checkbox\\" role=\\"button\\" aria-haspopup=\\"true\\" data-event-name=\\"ui.dropdown-vector-user-links-dropdown\\" class=\\"vector-dropdown-checkbox\\" aria-label=\\"Personal tools\\">
	<label id=\\"vector-user-links-dropdown-label\\" for=\\"vector-user-links-dropdown-checkbox\\" class=\\"vector-dropdown-label\\" aria-hidden=\\"true\\"><span class=\\"vector-dropdown-label-text\\">Personal tools</span>
	</label>
	<div class=\\"vector-dropdown-content\\">

<div id=\\"p-personal\\" class=\\"vector-menu mw-portlet mw-portlet-personal\\">
<div class=\\"vector-menu-content\\">
	
	<ul class=\\"vector-menu-content-list\\">
		
			<li id=\\"pt-userpage\\" class=\\"user-links-collapsible-item mw-list-item\\"><a href=\\"/wiki/User:Admin\\" title=\\"Your user page [.]\\" accesskey=\\".\\"><span class=\\"vector-icon mw-ui-icon-userAvatar mw-ui-icon-wikimedia-userAvatar\\"></span> <span>Admin</span></a></li>
			<li id=\\"pt-mytalk\\" class=\\"mw-list-item\\"><a href=\\"/wiki/User_talk:Admin\\" title=\\"Your talk page [n]\\" accesskey=\\"n\\"><span class=\\"vector-icon mw-ui-icon-userTalk mw-ui-icon-wikimedia-userTalk\\"></span> <span>Talk</span></a></li>
			<li id=\\"pt-sandbox\\" class=\\"new mw-list-item\\"><a href=\\"/w/index.php?title=User:Admin/sandbox&amp;action=edit&amp;redlink=1\\" title=\\"Your sandbox (page does not exist)\\"><span class=\\"vector-icon mw-ui-icon-sandbox mw-ui-icon-wikimedia-sandbox\\"></span> <span>Sandbox</span></a></li>
			<li id=\\"pt-preferences\\" class=\\"mw-list-item\\"><a href=\\"/wiki/Special:Preferences\\" title=\\"Your preferences\\"><span class=\\"vector-icon mw-ui-icon-appearance mw-ui-icon-wikimedia-appearance\\"></span> <span>Preferences</span></a></li>
			<li id=\\"pt-betafeatures\\" class=\\"mw-list-item\\"><a href=\\"/wiki/Special:Preferences#mw-prefsection-betafeatures\\" title=\\"Beta features\\"><span class=\\"vector-icon mw-ui-icon-labFlask mw-ui-icon-wikimedia-labFlask\\"></span> <span>Beta</span></a></li>
			<li id=\\"pt-watchlist\\" class=\\"user-links-collapsible-item mw-list-item\\"><a href=\\"/wiki/Special:Watchlist\\" title=\\"A list of pages you are monitoring for changes [l]\\" accesskey=\\"l\\"><span class=\\"vector-icon mw-ui-icon-watchlist mw-ui-icon-wikimedia-watchlist\\"></span> <span>Watchlist</span></a></li>
			<li id=\\"pt-uploads\\" class=\\"mw-list-item\\"><a href=\\"/w/index.php?title=Special:ListFiles/Admin&amp;ilshowall=1\\" title=\\"List of files you have uploaded\\"><span class=\\"vector-icon mw-ui-icon-imageGallery mw-ui-icon-wikimedia-imageGallery\\"></span> <span>Uploads</span></a></li>
			<li id=\\"pt-mycontris\\" class=\\"mw-list-item\\"><a href=\\"/wiki/Special:Contributions/Admin\\" title=\\"A list of your contributions [y]\\" accesskey=\\"y\\"><span class=\\"vector-icon mw-ui-icon-userContributions mw-ui-icon-wikimedia-userContributions\\"></span> <span>Contributions</span></a></li>
			<li id=\\"pt-custom\\" class=\\"mw-list-item mw-list-item-js\\">Gadget added item</li>
		
	</ul>
	
</div>
</div>
<div id=\\"p-user-menu-logout\\" class=\\"vector-menu mw-portlet mw-portlet-user-menu-logout\\">
<div class=\\"vector-menu-content\\">
	
	<ul class=\\"vector-menu-content-list\\">
		
			<li id=\\"ca-logout\\" class=\\"mw-list-item\\"><a data-mw-interface=\\"1\\" href=\\"/w/index.php?title=Special:UserLogout&amp;returnto=Main+Page\\" title=\\"Log out\\"><span class=\\"vector-icon mw-ui-icon-logOut mw-ui-icon-wikimedia-logOut\\"></span> <span>Log out</span></a></li>
		
	</ul>
	
</div>
</div>
	</div>
</div>
</nav>
"
`;
